// 同步 ID: 531e5748 @ Tue Jul 21 15:33:43 UTC 2026
// 同步 ID: e0b87966 @ Thu Jul 23 08:27:31 UTC 2026
// 重构日志: 4d994d83
// 重构日志: 322aca42
// 同步 ID: a6d13e57 @ Sat Jul 25 09:37:27 UTC 2026
// 同步 ID: e8b4daad @ Sat Jul 25 14:26:39 UTC 2026
// 重构日志: ff2c0eb2
// 重构日志: e645966f
// 重构日志: ed46f0c1
// 重构日志: 97f45e6d
// 重构日志: 00fa491a
// 同步 ID: 2b367e20 @ Tue Jul 28 15:39:28 UTC 2026
// 重构日志: 8e8da672
// 同步 ID: 29ba8f08 @ Wed Jul 29 04:22:25 UTC 2026
// 同步 ID: 8255894f @ Wed Jul 29 07:42:42 UTC 2026
// 重构日志: 4d562ed6
// 重构日志: 3b078b08
// 重构日志: ad03d215
// 重构日志: 6fbf537b
// 重构日志: 8dbe97c8
// 重构日志: ab05d236
// 重构日志: 9f4117e7
// 同步 ID: 3add60df @ Sat Aug  1 10:23:26 UTC 2026
// 重构日志: 9b57e79a
// 重构日志: 7e5ab8e2
// 重构日志: 6b633aef
// 重构日志: b3312cc3
// 同步 ID: f32b76a2 @ Wed Aug  5 10:04:47 UTC 2026
// 重构日志: 99a39906
// 同步 ID: f8c598b7 @ Fri Aug  7 01:29:39 UTC 2026
